// Bun Snapshot v1, https://goo.gl/fbAQLP

exports[`Inheritance A Artifacts Maintains program size 1`] = `86`;

exports[`Inheritance B Artifacts Maintains program size 1`] = `116`;

exports[`Inheritance C Artifacts Maintains program size 1`] = `143`;

exports[`Inheritance D Artifacts Maintains program size 1`] = `85`;

exports[`Inheritance AD Artifacts Maintains program size 1`] = `138`;

exports[`Inheritance E Artifacts Maintains program size 1`] = `205`;
