// Bun Snapshot v1, https://goo.gl/fbAQLP

exports[`Logic Signatures BasicLsig Artifacts Maintains program size 1`] = `18`;

exports[`Logic Signatures LsigWithArgs Artifacts Maintains program size 1`] = `39`;

exports[`Logic Signatures LsigWithPrivateMethod Artifacts Maintains program size 1`] = `25`;
