// Bun Snapshot v1, https://goo.gl/fbAQLP

exports[`Examples ConstantProductAMM Artifacts Maintains program size 1`] = `1086`;

exports[`Examples ARC75 Artifacts Maintains program size 1`] = `736`;

exports[`Examples Auction Artifacts Maintains program size 1`] = `553`;

exports[`Examples FactoryCaller Artifacts Maintains program size 1`] = `422`;

exports[`Examples NFTFactory Artifacts Maintains program size 1`] = `173`;

exports[`Examples Simple Artifacts Maintains program size 1`] = `288`;

exports[`Examples ContactsApp Artifacts Maintains program size 1`] = `635`;

exports[`Examples Calculator Artifacts Maintains program size 1`] = `196`;

exports[`Examples MerkleTree Artifacts Maintains program size 1`] = `584`;
